08:17:30 **** Build of configuration Debug for project gfjm ****
make all 
Building file: ../src/dhry_1.c
Invoking: MicroBlaze gcc compiler
mb-gcc -Wall -O0 -g3 -c -fmessage-length=0 -MT"src/dhry_1.o" -I../../gfjm_bsp/microblaze_0/include -mlittle-endian -mcpu=v9.6 -mxl-soft-mul -Wl,--no-relax -MMD -MP -MF"src/dhry_1.d" -MT"src/dhry_1.o" -o "src/dhry_1.o" "../src/dhry_1.c"
../src/dhry_1.c:74:1: warning: return type defaults to 'int' [-Wimplicit-int]
 main ()
 ^
../src/dhry_1.c: In function 'main':
../src/dhry_1.c:153:5: warning: implicit declaration of function 'Proc_5' [-Wimplicit-function-declaration]
     Proc_5();
     ^
../src/dhry_1.c:154:5: warning: implicit declaration of function 'Proc_4' [-Wimplicit-function-declaration]
     Proc_4();
     ^
../src/dhry_1.c:160:19: warning: implicit declaration of function 'Func_2' [-Wimplicit-function-declaration]
     Bool_Glob = ! Func_2 (Str_1_Loc, Str_2_Loc);
                   ^
../src/dhry_1.c:166:7: warning: implicit declaration of function 'Proc_7' [-Wimplicit-function-declaration]
       Proc_7 (Int_1_Loc, Int_2_Loc, &Int_3_Loc);
       ^
../src/dhry_1.c:171:5: warning: implicit declaration of function 'Proc_8' [-Wimplicit-function-declaration]
     Proc_8 (Arr_1_Glob, Arr_2_Glob, Int_1_Loc, Int_3_Loc);
     ^
../src/dhry_1.c:173:5: warning: implicit declaration of function 'Proc_1' [-Wimplicit-function-declaration]
     Proc_1 (Ptr_Glob);
     ^
../src/dhry_1.c:180:9: warning: implicit declaration of function 'Proc_6' [-Wimplicit-function-declaration]
         Proc_6 (Ident_1, &Enum_Loc);
         ^
../src/dhry_1.c:191:5: warning: implicit declaration of function 'Proc_2' [-Wimplicit-function-declaration]
     Proc_2 (&Int_1_Loc);
     ^
../src/dhry_1.c: At top level:
../src/dhry_1.c:328:1: warning: return type defaults to 'int' [-Wimplicit-int]
 Proc_1 (Ptr_Val_Par)
 ^
../src/dhry_1.c: In function 'Proc_1':
../src/dhry_1.c:344:3: warning: implicit declaration of function 'Proc_3' [-Wimplicit-function-declaration]
   Proc_3 (&Next_Record->Ptr_Comp);
   ^
../src/dhry_1.c: At top level:
../src/dhry_1.c:362:1: warning: return type defaults to 'int' [-Wimplicit-int]
 Proc_2 (Int_Par_Ref)
 ^
../src/dhry_1.c:385:1: warning: return type defaults to 'int' [-Wimplicit-int]
 Proc_3 (Ptr_Ref_Par)
 ^
../src/dhry_1.c:400:1: warning: return type defaults to 'int' [-Wimplicit-int]
 Proc_4 () /* without parameters */
 ^
../src/dhry_1.c:412:1: warning: return type defaults to 'int' [-Wimplicit-int]
 Proc_5 () /* without parameters */
 ^
../src/dhry_1.c: In function 'Proc_1':
../src/dhry_1.c:359:1: warning: control reaches end of non-void function [-Wreturn-type]
 } /* Proc_1 */
 ^
../src/dhry_1.c: In function 'Proc_2':
../src/dhry_1.c:382:1: warning: control reaches end of non-void function [-Wreturn-type]
 } /* Proc_2 */
 ^
../src/dhry_1.c: In function 'Proc_3':
../src/dhry_1.c:397:1: warning: control reaches end of non-void function [-Wreturn-type]
 } /* Proc_3 */
 ^
../src/dhry_1.c: In function 'Proc_4':
../src/dhry_1.c:409:1: warning: control reaches end of non-void function [-Wreturn-type]
 } /* Proc_4 */
 ^
../src/dhry_1.c: In function 'Proc_5':
../src/dhry_1.c:418:1: warning: control reaches end of non-void function [-Wreturn-type]
 } /* Proc_5 */
 ^
Finished building: ../src/dhry_1.c
 
Building file: ../src/dhry_2.c
Invoking: MicroBlaze gcc compiler
mb-gcc -Wall -O0 -g3 -c -fmessage-length=0 -MT"src/dhry_2.o" -I../../gfjm_bsp/microblaze_0/include -mlittle-endian -mcpu=v9.6 -mxl-soft-mul -Wl,--no-relax -MMD -MP -MF"src/dhry_2.d" -MT"src/dhry_2.o" -o "src/dhry_2.o" "../src/dhry_2.c"
../src/dhry_2.c:30:1: warning: return type defaults to 'int' [-Wimplicit-int]
 Proc_6 (Enum_Val_Par, Enum_Ref_Par)
 ^
../src/dhry_2.c: In function 'Proc_6':
../src/dhry_2.c:39:9: warning: implicit declaration of function 'Func_3' [-Wimplicit-function-declaration]
   if (! Func_3 (Enum_Val_Par))
         ^
../src/dhry_2.c: At top level:
../src/dhry_2.c:64:1: warning: return type defaults to 'int' [-Wimplicit-int]
 Proc_7 (Int_1_Par_Val, Int_2_Par_Val, Int_Par_Ref)
 ^
../src/dhry_2.c:84:1: warning: return type defaults to 'int' [-Wimplicit-int]
 Proc_8 (Arr_1_Par_Ref, Arr_2_Par_Ref, Int_1_Par_Val, Int_2_Par_Val)
 ^
../src/dhry_2.c: In function 'Func_2':
../src/dhry_2.c:164:9: warning: implicit declaration of function 'strcmp' [-Wimplicit-function-declaration]
     if (strcmp (Str_1_Par_Ref, Str_2_Par_Ref) > 0)
         ^
../src/dhry_2.c: In function 'Proc_6':
../src/dhry_2.c:61:1: warning: control reaches end of non-void function [-Wreturn-type]
 } /* Proc_6 */
 ^
../src/dhry_2.c: In function 'Proc_7':
../src/dhry_2.c:81:1: warning: control reaches end of non-void function [-Wreturn-type]
 } /* Proc_7 */
 ^
../src/dhry_2.c: In function 'Proc_8':
../src/dhry_2.c:106:1: warning: control reaches end of non-void function [-Wreturn-type]
 } /* Proc_8 */
 ^
Finished building: ../src/dhry_2.c
 
Building file: ../src/platform.c
Invoking: MicroBlaze gcc compiler
mb-gcc -Wall -O0 -g3 -c -fmessage-length=0 -MT"src/platform.o" -I../../gfjm_bsp/microblaze_0/include -mlittle-endian -mcpu=v9.6 -mxl-soft-mul -Wl,--no-relax -MMD -MP -MF"src/platform.d" -MT"src/platform.o" -o "src/platform.o" "../src/platform.c"
Finished building: ../src/platform.c
 
Building target: gfjm.elf
Invoking: MicroBlaze gcc linker
mb-gcc -Wl,-T -Wl,../src/lscript.ld -L../../gfjm_bsp/microblaze_0/lib -mlittle-endian -mcpu=v9.6 -mxl-soft-mul -Wl,--no-relax -o "gfjm.elf"  ./src/dhry_1.o ./src/dhry_2.o ./src/platform.o   -Wl,--start-group,-lxil,-lgcc,-lc,--end-group
Finished building target: gfjm.elf
 
Invoking: MicroBlaze Print Size
mb-size gfjm.elf  |tee "gfjm.elf.size"
   text	   data	    bss	    dec	    hex	filename
  19120	    412	  15636	  35168	   8960	gfjm.elf
Finished building: gfjm.elf.size
 

08:17:31 Build Finished (took 593ms)

